// Vitest Snapshot v1, https://vitest.dev/guide/snapshot.html

exports[`node package > options - cache - false 1`] = `
{
  "author": {
    "email": "ntnyq13@gmail.com",
    "name": "ntnyq",
  },
  "bugs": {
    "url": "https://github.com/ntnyq/vscode-extension-manifest/issues",
  },
  "description": "VSCode extension manifest type definitions, validators, and utilities",
  "exports": {
    ".": {
      "import": {
        "default": "./dist/index.js",
        "types": "./dist/index.d.ts",
      },
      "require": {
        "default": "./dist/index.cjs",
        "types": "./dist/index.d.cts",
      },
    },
    "./package.json": "./package.json",
  },
  "files": [
    "dist",
  ],
  "homepage": "https://github.com/ntnyq/vscode-extension-manifest#readme",
  "keywords": [
    "extension-manifest",
    "vscode-extension",
    "validate",
    "vscode",
    "types",
    "contributes point",
  ],
  "license": "MIT",
  "main": "./dist/index.js",
  "module": "./dist/index.js",
  "name": "vscode-extension-manifest",
  "repository": "ntnyq/vscode-extension-manifest",
  "scripts": {
    "build": "tsup",
    "dev": "tsup --watch src",
    "lint": "eslint .",
    "prepare": "husky",
    "prepublishOnly": "pnpm run build",
    "release": "run-s release:check release:publish",
    "release:check": "run-s lint typecheck test",
    "release:publish": "bumpp && pnpm publish",
    "test": "vitest --typecheck",
    "typecheck": "tsc --noEmit",
  },
  "sideEffects": false,
  "type": "module",
  "types": "./dist/index.d.ts",
  "version": "0.0.0",
}
`;

exports[`node package > options - cache - map 1`] = `
{
  "author": {
    "email": "ntnyq13@gmail.com",
    "name": "ntnyq",
  },
  "bugs": {
    "url": "https://github.com/ntnyq/vscode-extension-manifest/issues",
  },
  "description": "VSCode extension manifest type definitions, validators, and utilities",
  "exports": {
    ".": {
      "import": {
        "default": "./dist/index.js",
        "types": "./dist/index.d.ts",
      },
      "require": {
        "default": "./dist/index.cjs",
        "types": "./dist/index.d.cts",
      },
    },
    "./package.json": "./package.json",
  },
  "files": [
    "dist",
  ],
  "homepage": "https://github.com/ntnyq/vscode-extension-manifest#readme",
  "keywords": [
    "extension-manifest",
    "vscode-extension",
    "validate",
    "vscode",
    "types",
    "contributes point",
  ],
  "license": "MIT",
  "main": "./dist/index.js",
  "module": "./dist/index.js",
  "name": "vscode-extension-manifest",
  "repository": "ntnyq/vscode-extension-manifest",
  "scripts": {
    "build": "tsup",
    "dev": "tsup --watch src",
    "lint": "eslint .",
    "prepare": "husky",
    "prepublishOnly": "pnpm run build",
    "release": "run-s release:check release:publish",
    "release:check": "run-s lint typecheck test",
    "release:publish": "bumpp && pnpm publish",
    "test": "vitest --typecheck",
    "typecheck": "tsc --noEmit",
  },
  "sideEffects": false,
  "type": "module",
  "types": "./dist/index.d.ts",
  "version": "0.0.0",
}
`;

exports[`node package > options - cache - true 1`] = `
{
  "author": {
    "email": "ntnyq13@gmail.com",
    "name": "ntnyq",
  },
  "bugs": {
    "url": "https://github.com/ntnyq/vscode-extension-manifest/issues",
  },
  "description": "VSCode extension manifest type definitions, validators, and utilities",
  "exports": {
    ".": {
      "import": {
        "default": "./dist/index.js",
        "types": "./dist/index.d.ts",
      },
      "require": {
        "default": "./dist/index.cjs",
        "types": "./dist/index.d.cts",
      },
    },
    "./package.json": "./package.json",
  },
  "files": [
    "dist",
  ],
  "homepage": "https://github.com/ntnyq/vscode-extension-manifest#readme",
  "keywords": [
    "extension-manifest",
    "vscode-extension",
    "validate",
    "vscode",
    "types",
    "contributes point",
  ],
  "license": "MIT",
  "main": "./dist/index.js",
  "module": "./dist/index.js",
  "name": "vscode-extension-manifest",
  "repository": "ntnyq/vscode-extension-manifest",
  "scripts": {
    "build": "tsup",
    "dev": "tsup --watch src",
    "lint": "eslint .",
    "prepare": "husky",
    "prepublishOnly": "pnpm run build",
    "release": "run-s release:check release:publish",
    "release:check": "run-s lint typecheck test",
    "release:publish": "bumpp && pnpm publish",
    "test": "vitest --typecheck",
    "typecheck": "tsc --noEmit",
  },
  "sideEffects": false,
  "type": "module",
  "types": "./dist/index.d.ts",
  "version": "0.0.0",
}
`;

exports[`node package > should readExtensionManifest work 1`] = `
{
  "author": {
    "email": "ntnyq13@gmail.com",
    "name": "ntnyq",
  },
  "bugs": {
    "url": "https://github.com/ntnyq/vscode-extension-manifest/issues",
  },
  "description": "VSCode extension manifest type definitions, validators, and utilities",
  "exports": {
    ".": {
      "import": {
        "default": "./dist/index.js",
        "types": "./dist/index.d.ts",
      },
      "require": {
        "default": "./dist/index.cjs",
        "types": "./dist/index.d.cts",
      },
    },
    "./package.json": "./package.json",
  },
  "files": [
    "dist",
  ],
  "homepage": "https://github.com/ntnyq/vscode-extension-manifest#readme",
  "keywords": [
    "extension-manifest",
    "vscode-extension",
    "validate",
    "vscode",
    "types",
    "contributes point",
  ],
  "license": "MIT",
  "main": "./dist/index.js",
  "module": "./dist/index.js",
  "name": "vscode-extension-manifest",
  "repository": "ntnyq/vscode-extension-manifest",
  "scripts": {
    "build": "tsup",
    "dev": "tsup --watch src",
    "lint": "eslint .",
    "prepare": "husky",
    "prepublishOnly": "pnpm run build",
    "release": "run-s release:check release:publish",
    "release:check": "run-s lint typecheck test",
    "release:publish": "bumpp && pnpm publish",
    "test": "vitest --typecheck",
    "typecheck": "tsc --noEmit",
  },
  "sideEffects": false,
  "type": "module",
  "types": "./dist/index.d.ts",
  "version": "0.0.0",
}
`;

exports[`node package > should readExtensionManifestSync work 1`] = `
{
  "author": {
    "email": "ntnyq13@gmail.com",
    "name": "ntnyq",
  },
  "bugs": {
    "url": "https://github.com/ntnyq/vscode-extension-manifest/issues",
  },
  "description": "VSCode extension manifest type definitions, validators, and utilities",
  "exports": {
    ".": {
      "import": {
        "default": "./dist/index.js",
        "types": "./dist/index.d.ts",
      },
      "require": {
        "default": "./dist/index.cjs",
        "types": "./dist/index.d.cts",
      },
    },
    "./package.json": "./package.json",
  },
  "files": [
    "dist",
  ],
  "homepage": "https://github.com/ntnyq/vscode-extension-manifest#readme",
  "keywords": [
    "extension-manifest",
    "vscode-extension",
    "validate",
    "vscode",
    "types",
    "contributes point",
  ],
  "license": "MIT",
  "main": "./dist/index.js",
  "module": "./dist/index.js",
  "name": "vscode-extension-manifest",
  "repository": "ntnyq/vscode-extension-manifest",
  "scripts": {
    "build": "tsup",
    "dev": "tsup --watch src",
    "lint": "eslint .",
    "prepare": "husky",
    "prepublishOnly": "pnpm run build",
    "release": "run-s release:check release:publish",
    "release:check": "run-s lint typecheck test",
    "release:publish": "bumpp && pnpm publish",
    "test": "vitest --typecheck",
    "typecheck": "tsc --noEmit",
  },
  "sideEffects": false,
  "type": "module",
  "types": "./dist/index.d.ts",
  "version": "0.0.0",
}
`;

exports[`vscode extension > options - cache - false 1`] = `
{
  "activationEvents": [
    "onStartupFinished",
  ],
  "author": {
    "email": "ntnyq13@gmail.com",
    "name": "ntnyq",
  },
  "bugs": {
    "url": "https://github.com/ntnyq/vscode-dev-helper/issues/new",
  },
  "categories": [
    "Other",
  ],
  "contributes": {
    "commands": [
      {
        "category": "VSCode Dev Helper",
        "command": "vscode-dev-helper.enable-codelens",
        "title": "Enable CodeLens",
      },
      {
        "category": "VSCode Dev Helper",
        "command": "vscode-dev-helper.disable-codelens",
        "title": "Disable CodeLens",
      },
      {
        "category": "VSCode Dev Helper",
        "command": "vscode-dev-helper.codelens-action",
        "title": "Trigger CodeLens Action",
      },
      {
        "category": "VSCode Dev Helper",
        "command": "vscode-dev-helper.create-alert",
        "title": "Create Alert",
      },
      {
        "category": "VSCode Dev Helper",
        "command": "vscode-dev-helper.generate-node-version",
        "title": "Generate .node-version",
      },
    ],
    "configuration": {
      "properties": {
        "vscode-dev-helper.alertMarker": {
          "default": "!",
          "description": "Marker for Custom Alert",
          "type": "string",
        },
        "vscode-dev-helper.alertPreset": {
          "default": "github",
          "description": "Preset of Alert",
          "enum": [
            "github",
            "obsidian",
            "vitepress",
            "custom",
          ],
          "type": "string",
        },
        "vscode-dev-helper.alertSyntax": {
          "default": "container",
          "description": "Markdown Syntax for Custom Alert",
          "enum": [
            "blockquote",
            "container",
          ],
          "type": "string",
        },
        "vscode-dev-helper.alertTypes": {
          "default": [
            "info",
            "tip",
            "success",
            "warning",
            "danger",
          ],
          "description": "Types for Custom Alert",
          "items": {
            "type": "string",
          },
          "type": "array",
          "uniqueItems": true,
        },
        "vscode-dev-helper.alertUppercaseType": {
          "default": false,
          "description": "Use Uppercase Type for Custom Alert",
          "type": "boolean",
        },
        "vscode-dev-helper.enableCodeLens": {
          "default": true,
          "description": "Enable CodeLens",
          "type": "boolean",
        },
        "vscode-dev-helper.nodeVersion": {
          "default": "lts-latest",
          "description": "Default version for .node-version",
          "type": "string",
        },
      },
      "title": "VSCode Dev Helper",
    },
    "jsonValidation": [
      {
        "fileMatch": "package.json",
        "url": "./schemas/pnpm.schema.json",
      },
    ],
    "menus": {
      "editor/context": [
        {
          "command": "vscode-dev-helper.create-alert",
          "group": "z_commands",
          "when": "editorLangId == markdown || editorLangId == mdx",
        },
      ],
      "explorer/context": [
        {
          "command": "vscode-dev-helper.generate-node-version",
          "group": "VSCodeDevHelper@1",
          "when": "explorerResourceIsFolder",
        },
      ],
    },
  },
  "description": "Personal dev helper built on top of VSCode",
  "displayName": "VSCode Dev Helper",
  "files": [
    "LICENSE",
    "dist/*",
    "res/*",
    "schemas/*",
  ],
  "homepage": "https://github.com/ntnyq/vscode-dev-helper",
  "icon": "./res/icon.png",
  "keywords": [],
  "license": "MIT",
  "main": "./dist/index.js",
  "name": "vscode-dev-helper",
  "preview": true,
  "private": true,
  "publisher": "ntnyq",
  "repository": {
    "type": "github",
    "url": "https://github.com/ntnyq/vscode-dev-helper.git",
  },
  "scripts": {
    "build": "tsup",
    "dev": "NODE_ENV=development tsup",
    "generate:meta": "vscode-ext-gen --output=src/meta.ts",
    "lint": "eslint .",
    "pack": "vsce package --no-dependencies",
    "prepare": "husky",
    "release": "run-s release:check release:build release:version release:publish",
    "release:build": "run-s generate:meta build",
    "release:check": "run-s lint typecheck",
    "release:publish": "vsce publish --no-dependencies",
    "release:version": "bumpp --all",
    "test": "vitest",
    "typecheck": "tsc --noEmit",
  },
  "version": "0.0.0",
}
`;

exports[`vscode extension > options - cache - map 1`] = `
{
  "activationEvents": [
    "onStartupFinished",
  ],
  "author": {
    "email": "ntnyq13@gmail.com",
    "name": "ntnyq",
  },
  "bugs": {
    "url": "https://github.com/ntnyq/vscode-dev-helper/issues/new",
  },
  "categories": [
    "Other",
  ],
  "contributes": {
    "commands": [
      {
        "category": "VSCode Dev Helper",
        "command": "vscode-dev-helper.enable-codelens",
        "title": "Enable CodeLens",
      },
      {
        "category": "VSCode Dev Helper",
        "command": "vscode-dev-helper.disable-codelens",
        "title": "Disable CodeLens",
      },
      {
        "category": "VSCode Dev Helper",
        "command": "vscode-dev-helper.codelens-action",
        "title": "Trigger CodeLens Action",
      },
      {
        "category": "VSCode Dev Helper",
        "command": "vscode-dev-helper.create-alert",
        "title": "Create Alert",
      },
      {
        "category": "VSCode Dev Helper",
        "command": "vscode-dev-helper.generate-node-version",
        "title": "Generate .node-version",
      },
    ],
    "configuration": {
      "properties": {
        "vscode-dev-helper.alertMarker": {
          "default": "!",
          "description": "Marker for Custom Alert",
          "type": "string",
        },
        "vscode-dev-helper.alertPreset": {
          "default": "github",
          "description": "Preset of Alert",
          "enum": [
            "github",
            "obsidian",
            "vitepress",
            "custom",
          ],
          "type": "string",
        },
        "vscode-dev-helper.alertSyntax": {
          "default": "container",
          "description": "Markdown Syntax for Custom Alert",
          "enum": [
            "blockquote",
            "container",
          ],
          "type": "string",
        },
        "vscode-dev-helper.alertTypes": {
          "default": [
            "info",
            "tip",
            "success",
            "warning",
            "danger",
          ],
          "description": "Types for Custom Alert",
          "items": {
            "type": "string",
          },
          "type": "array",
          "uniqueItems": true,
        },
        "vscode-dev-helper.alertUppercaseType": {
          "default": false,
          "description": "Use Uppercase Type for Custom Alert",
          "type": "boolean",
        },
        "vscode-dev-helper.enableCodeLens": {
          "default": true,
          "description": "Enable CodeLens",
          "type": "boolean",
        },
        "vscode-dev-helper.nodeVersion": {
          "default": "lts-latest",
          "description": "Default version for .node-version",
          "type": "string",
        },
      },
      "title": "VSCode Dev Helper",
    },
    "jsonValidation": [
      {
        "fileMatch": "package.json",
        "url": "./schemas/pnpm.schema.json",
      },
    ],
    "menus": {
      "editor/context": [
        {
          "command": "vscode-dev-helper.create-alert",
          "group": "z_commands",
          "when": "editorLangId == markdown || editorLangId == mdx",
        },
      ],
      "explorer/context": [
        {
          "command": "vscode-dev-helper.generate-node-version",
          "group": "VSCodeDevHelper@1",
          "when": "explorerResourceIsFolder",
        },
      ],
    },
  },
  "description": "Personal dev helper built on top of VSCode",
  "displayName": "VSCode Dev Helper",
  "files": [
    "LICENSE",
    "dist/*",
    "res/*",
    "schemas/*",
  ],
  "homepage": "https://github.com/ntnyq/vscode-dev-helper",
  "icon": "./res/icon.png",
  "keywords": [],
  "license": "MIT",
  "main": "./dist/index.js",
  "name": "vscode-dev-helper",
  "preview": true,
  "private": true,
  "publisher": "ntnyq",
  "repository": {
    "type": "github",
    "url": "https://github.com/ntnyq/vscode-dev-helper.git",
  },
  "scripts": {
    "build": "tsup",
    "dev": "NODE_ENV=development tsup",
    "generate:meta": "vscode-ext-gen --output=src/meta.ts",
    "lint": "eslint .",
    "pack": "vsce package --no-dependencies",
    "prepare": "husky",
    "release": "run-s release:check release:build release:version release:publish",
    "release:build": "run-s generate:meta build",
    "release:check": "run-s lint typecheck",
    "release:publish": "vsce publish --no-dependencies",
    "release:version": "bumpp --all",
    "test": "vitest",
    "typecheck": "tsc --noEmit",
  },
  "version": "0.0.0",
}
`;

exports[`vscode extension > options - cache - true 1`] = `
{
  "activationEvents": [
    "onStartupFinished",
  ],
  "author": {
    "email": "ntnyq13@gmail.com",
    "name": "ntnyq",
  },
  "bugs": {
    "url": "https://github.com/ntnyq/vscode-dev-helper/issues/new",
  },
  "categories": [
    "Other",
  ],
  "contributes": {
    "commands": [
      {
        "category": "VSCode Dev Helper",
        "command": "vscode-dev-helper.enable-codelens",
        "title": "Enable CodeLens",
      },
      {
        "category": "VSCode Dev Helper",
        "command": "vscode-dev-helper.disable-codelens",
        "title": "Disable CodeLens",
      },
      {
        "category": "VSCode Dev Helper",
        "command": "vscode-dev-helper.codelens-action",
        "title": "Trigger CodeLens Action",
      },
      {
        "category": "VSCode Dev Helper",
        "command": "vscode-dev-helper.create-alert",
        "title": "Create Alert",
      },
      {
        "category": "VSCode Dev Helper",
        "command": "vscode-dev-helper.generate-node-version",
        "title": "Generate .node-version",
      },
    ],
    "configuration": {
      "properties": {
        "vscode-dev-helper.alertMarker": {
          "default": "!",
          "description": "Marker for Custom Alert",
          "type": "string",
        },
        "vscode-dev-helper.alertPreset": {
          "default": "github",
          "description": "Preset of Alert",
          "enum": [
            "github",
            "obsidian",
            "vitepress",
            "custom",
          ],
          "type": "string",
        },
        "vscode-dev-helper.alertSyntax": {
          "default": "container",
          "description": "Markdown Syntax for Custom Alert",
          "enum": [
            "blockquote",
            "container",
          ],
          "type": "string",
        },
        "vscode-dev-helper.alertTypes": {
          "default": [
            "info",
            "tip",
            "success",
            "warning",
            "danger",
          ],
          "description": "Types for Custom Alert",
          "items": {
            "type": "string",
          },
          "type": "array",
          "uniqueItems": true,
        },
        "vscode-dev-helper.alertUppercaseType": {
          "default": false,
          "description": "Use Uppercase Type for Custom Alert",
          "type": "boolean",
        },
        "vscode-dev-helper.enableCodeLens": {
          "default": true,
          "description": "Enable CodeLens",
          "type": "boolean",
        },
        "vscode-dev-helper.nodeVersion": {
          "default": "lts-latest",
          "description": "Default version for .node-version",
          "type": "string",
        },
      },
      "title": "VSCode Dev Helper",
    },
    "jsonValidation": [
      {
        "fileMatch": "package.json",
        "url": "./schemas/pnpm.schema.json",
      },
    ],
    "menus": {
      "editor/context": [
        {
          "command": "vscode-dev-helper.create-alert",
          "group": "z_commands",
          "when": "editorLangId == markdown || editorLangId == mdx",
        },
      ],
      "explorer/context": [
        {
          "command": "vscode-dev-helper.generate-node-version",
          "group": "VSCodeDevHelper@1",
          "when": "explorerResourceIsFolder",
        },
      ],
    },
  },
  "description": "Personal dev helper built on top of VSCode",
  "displayName": "VSCode Dev Helper",
  "files": [
    "LICENSE",
    "dist/*",
    "res/*",
    "schemas/*",
  ],
  "homepage": "https://github.com/ntnyq/vscode-dev-helper",
  "icon": "./res/icon.png",
  "keywords": [],
  "license": "MIT",
  "main": "./dist/index.js",
  "name": "vscode-dev-helper",
  "preview": true,
  "private": true,
  "publisher": "ntnyq",
  "repository": {
    "type": "github",
    "url": "https://github.com/ntnyq/vscode-dev-helper.git",
  },
  "scripts": {
    "build": "tsup",
    "dev": "NODE_ENV=development tsup",
    "generate:meta": "vscode-ext-gen --output=src/meta.ts",
    "lint": "eslint .",
    "pack": "vsce package --no-dependencies",
    "prepare": "husky",
    "release": "run-s release:check release:build release:version release:publish",
    "release:build": "run-s generate:meta build",
    "release:check": "run-s lint typecheck",
    "release:publish": "vsce publish --no-dependencies",
    "release:version": "bumpp --all",
    "test": "vitest",
    "typecheck": "tsc --noEmit",
  },
  "version": "0.0.0",
}
`;

exports[`vscode extension > should readExtensionManifest work 1`] = `
{
  "activationEvents": [
    "onStartupFinished",
  ],
  "author": {
    "email": "ntnyq13@gmail.com",
    "name": "ntnyq",
  },
  "bugs": {
    "url": "https://github.com/ntnyq/vscode-dev-helper/issues/new",
  },
  "categories": [
    "Other",
  ],
  "contributes": {
    "commands": [
      {
        "category": "VSCode Dev Helper",
        "command": "vscode-dev-helper.enable-codelens",
        "title": "Enable CodeLens",
      },
      {
        "category": "VSCode Dev Helper",
        "command": "vscode-dev-helper.disable-codelens",
        "title": "Disable CodeLens",
      },
      {
        "category": "VSCode Dev Helper",
        "command": "vscode-dev-helper.codelens-action",
        "title": "Trigger CodeLens Action",
      },
      {
        "category": "VSCode Dev Helper",
        "command": "vscode-dev-helper.create-alert",
        "title": "Create Alert",
      },
      {
        "category": "VSCode Dev Helper",
        "command": "vscode-dev-helper.generate-node-version",
        "title": "Generate .node-version",
      },
    ],
    "configuration": {
      "properties": {
        "vscode-dev-helper.alertMarker": {
          "default": "!",
          "description": "Marker for Custom Alert",
          "type": "string",
        },
        "vscode-dev-helper.alertPreset": {
          "default": "github",
          "description": "Preset of Alert",
          "enum": [
            "github",
            "obsidian",
            "vitepress",
            "custom",
          ],
          "type": "string",
        },
        "vscode-dev-helper.alertSyntax": {
          "default": "container",
          "description": "Markdown Syntax for Custom Alert",
          "enum": [
            "blockquote",
            "container",
          ],
          "type": "string",
        },
        "vscode-dev-helper.alertTypes": {
          "default": [
            "info",
            "tip",
            "success",
            "warning",
            "danger",
          ],
          "description": "Types for Custom Alert",
          "items": {
            "type": "string",
          },
          "type": "array",
          "uniqueItems": true,
        },
        "vscode-dev-helper.alertUppercaseType": {
          "default": false,
          "description": "Use Uppercase Type for Custom Alert",
          "type": "boolean",
        },
        "vscode-dev-helper.enableCodeLens": {
          "default": true,
          "description": "Enable CodeLens",
          "type": "boolean",
        },
        "vscode-dev-helper.nodeVersion": {
          "default": "lts-latest",
          "description": "Default version for .node-version",
          "type": "string",
        },
      },
      "title": "VSCode Dev Helper",
    },
    "jsonValidation": [
      {
        "fileMatch": "package.json",
        "url": "./schemas/pnpm.schema.json",
      },
    ],
    "menus": {
      "editor/context": [
        {
          "command": "vscode-dev-helper.create-alert",
          "group": "z_commands",
          "when": "editorLangId == markdown || editorLangId == mdx",
        },
      ],
      "explorer/context": [
        {
          "command": "vscode-dev-helper.generate-node-version",
          "group": "VSCodeDevHelper@1",
          "when": "explorerResourceIsFolder",
        },
      ],
    },
  },
  "description": "Personal dev helper built on top of VSCode",
  "displayName": "VSCode Dev Helper",
  "files": [
    "LICENSE",
    "dist/*",
    "res/*",
    "schemas/*",
  ],
  "homepage": "https://github.com/ntnyq/vscode-dev-helper",
  "icon": "./res/icon.png",
  "keywords": [],
  "license": "MIT",
  "main": "./dist/index.js",
  "name": "vscode-dev-helper",
  "preview": true,
  "private": true,
  "publisher": "ntnyq",
  "repository": {
    "type": "github",
    "url": "https://github.com/ntnyq/vscode-dev-helper.git",
  },
  "scripts": {
    "build": "tsup",
    "dev": "NODE_ENV=development tsup",
    "generate:meta": "vscode-ext-gen --output=src/meta.ts",
    "lint": "eslint .",
    "pack": "vsce package --no-dependencies",
    "prepare": "husky",
    "release": "run-s release:check release:build release:version release:publish",
    "release:build": "run-s generate:meta build",
    "release:check": "run-s lint typecheck",
    "release:publish": "vsce publish --no-dependencies",
    "release:version": "bumpp --all",
    "test": "vitest",
    "typecheck": "tsc --noEmit",
  },
  "version": "0.0.0",
}
`;

exports[`vscode extension > should readExtensionManifestSync work 1`] = `
{
  "activationEvents": [
    "onStartupFinished",
  ],
  "author": {
    "email": "ntnyq13@gmail.com",
    "name": "ntnyq",
  },
  "bugs": {
    "url": "https://github.com/ntnyq/vscode-dev-helper/issues/new",
  },
  "categories": [
    "Other",
  ],
  "contributes": {
    "commands": [
      {
        "category": "VSCode Dev Helper",
        "command": "vscode-dev-helper.enable-codelens",
        "title": "Enable CodeLens",
      },
      {
        "category": "VSCode Dev Helper",
        "command": "vscode-dev-helper.disable-codelens",
        "title": "Disable CodeLens",
      },
      {
        "category": "VSCode Dev Helper",
        "command": "vscode-dev-helper.codelens-action",
        "title": "Trigger CodeLens Action",
      },
      {
        "category": "VSCode Dev Helper",
        "command": "vscode-dev-helper.create-alert",
        "title": "Create Alert",
      },
      {
        "category": "VSCode Dev Helper",
        "command": "vscode-dev-helper.generate-node-version",
        "title": "Generate .node-version",
      },
    ],
    "configuration": {
      "properties": {
        "vscode-dev-helper.alertMarker": {
          "default": "!",
          "description": "Marker for Custom Alert",
          "type": "string",
        },
        "vscode-dev-helper.alertPreset": {
          "default": "github",
          "description": "Preset of Alert",
          "enum": [
            "github",
            "obsidian",
            "vitepress",
            "custom",
          ],
          "type": "string",
        },
        "vscode-dev-helper.alertSyntax": {
          "default": "container",
          "description": "Markdown Syntax for Custom Alert",
          "enum": [
            "blockquote",
            "container",
          ],
          "type": "string",
        },
        "vscode-dev-helper.alertTypes": {
          "default": [
            "info",
            "tip",
            "success",
            "warning",
            "danger",
          ],
          "description": "Types for Custom Alert",
          "items": {
            "type": "string",
          },
          "type": "array",
          "uniqueItems": true,
        },
        "vscode-dev-helper.alertUppercaseType": {
          "default": false,
          "description": "Use Uppercase Type for Custom Alert",
          "type": "boolean",
        },
        "vscode-dev-helper.enableCodeLens": {
          "default": true,
          "description": "Enable CodeLens",
          "type": "boolean",
        },
        "vscode-dev-helper.nodeVersion": {
          "default": "lts-latest",
          "description": "Default version for .node-version",
          "type": "string",
        },
      },
      "title": "VSCode Dev Helper",
    },
    "jsonValidation": [
      {
        "fileMatch": "package.json",
        "url": "./schemas/pnpm.schema.json",
      },
    ],
    "menus": {
      "editor/context": [
        {
          "command": "vscode-dev-helper.create-alert",
          "group": "z_commands",
          "when": "editorLangId == markdown || editorLangId == mdx",
        },
      ],
      "explorer/context": [
        {
          "command": "vscode-dev-helper.generate-node-version",
          "group": "VSCodeDevHelper@1",
          "when": "explorerResourceIsFolder",
        },
      ],
    },
  },
  "description": "Personal dev helper built on top of VSCode",
  "displayName": "VSCode Dev Helper",
  "files": [
    "LICENSE",
    "dist/*",
    "res/*",
    "schemas/*",
  ],
  "homepage": "https://github.com/ntnyq/vscode-dev-helper",
  "icon": "./res/icon.png",
  "keywords": [],
  "license": "MIT",
  "main": "./dist/index.js",
  "name": "vscode-dev-helper",
  "preview": true,
  "private": true,
  "publisher": "ntnyq",
  "repository": {
    "type": "github",
    "url": "https://github.com/ntnyq/vscode-dev-helper.git",
  },
  "scripts": {
    "build": "tsup",
    "dev": "NODE_ENV=development tsup",
    "generate:meta": "vscode-ext-gen --output=src/meta.ts",
    "lint": "eslint .",
    "pack": "vsce package --no-dependencies",
    "prepare": "husky",
    "release": "run-s release:check release:build release:version release:publish",
    "release:build": "run-s generate:meta build",
    "release:check": "run-s lint typecheck",
    "release:publish": "vsce publish --no-dependencies",
    "release:version": "bumpp --all",
    "test": "vitest",
    "typecheck": "tsc --noEmit",
  },
  "version": "0.0.0",
}
`;

exports[`vscode extension > should writeExtensionManifest work 1`] = `
{
  "activationEvents": [
    "onStartupFinished",
  ],
  "author": {
    "email": "ntnyq13@gmail.com",
    "name": "ntnyq",
  },
  "bugs": {
    "url": "https://github.com/ntnyq/vscode-dev-helper/issues/new",
  },
  "categories": [
    "Other",
  ],
  "contributes": {
    "commands": [
      {
        "category": "VSCode Dev Helper",
        "command": "vscode-dev-helper.enable-codelens",
        "title": "Enable CodeLens",
      },
      {
        "category": "VSCode Dev Helper",
        "command": "vscode-dev-helper.disable-codelens",
        "title": "Disable CodeLens",
      },
      {
        "category": "VSCode Dev Helper",
        "command": "vscode-dev-helper.codelens-action",
        "title": "Trigger CodeLens Action",
      },
      {
        "category": "VSCode Dev Helper",
        "command": "vscode-dev-helper.create-alert",
        "title": "Create Alert",
      },
      {
        "category": "VSCode Dev Helper",
        "command": "vscode-dev-helper.generate-node-version",
        "title": "Generate .node-version",
      },
    ],
    "configuration": {
      "properties": {
        "vscode-dev-helper.alertMarker": {
          "default": "!",
          "description": "Marker for Custom Alert",
          "type": "string",
        },
        "vscode-dev-helper.alertPreset": {
          "default": "github",
          "description": "Preset of Alert",
          "enum": [
            "github",
            "obsidian",
            "vitepress",
            "custom",
          ],
          "type": "string",
        },
        "vscode-dev-helper.alertSyntax": {
          "default": "container",
          "description": "Markdown Syntax for Custom Alert",
          "enum": [
            "blockquote",
            "container",
          ],
          "type": "string",
        },
        "vscode-dev-helper.alertTypes": {
          "default": [
            "info",
            "tip",
            "success",
            "warning",
            "danger",
          ],
          "description": "Types for Custom Alert",
          "items": {
            "type": "string",
          },
          "type": "array",
          "uniqueItems": true,
        },
        "vscode-dev-helper.alertUppercaseType": {
          "default": false,
          "description": "Use Uppercase Type for Custom Alert",
          "type": "boolean",
        },
        "vscode-dev-helper.enableCodeLens": {
          "default": true,
          "description": "Enable CodeLens",
          "type": "boolean",
        },
        "vscode-dev-helper.nodeVersion": {
          "default": "lts-latest",
          "description": "Default version for .node-version",
          "type": "string",
        },
      },
      "title": "VSCode Dev Helper",
    },
    "jsonValidation": [
      {
        "fileMatch": "package.json",
        "url": "./schemas/pnpm.schema.json",
      },
    ],
    "menus": {
      "editor/context": [
        {
          "command": "vscode-dev-helper.create-alert",
          "group": "z_commands",
          "when": "editorLangId == markdown || editorLangId == mdx",
        },
      ],
      "explorer/context": [
        {
          "command": "vscode-dev-helper.generate-node-version",
          "group": "VSCodeDevHelper@1",
          "when": "explorerResourceIsFolder",
        },
      ],
    },
  },
  "description": "Personal dev helper built on top of VSCode",
  "displayName": "VSCode Dev Helper",
  "files": [
    "LICENSE",
    "dist/*",
    "res/*",
    "schemas/*",
  ],
  "homepage": "https://github.com/ntnyq/vscode-dev-helper",
  "icon": "./res/icon.png",
  "keywords": [],
  "license": "MIT",
  "main": "./dist/index.js",
  "name": "vscode-dev-helper",
  "preview": true,
  "private": true,
  "publisher": "ntnyq",
  "repository": {
    "type": "github",
    "url": "https://github.com/ntnyq/vscode-dev-helper.git",
  },
  "scripts": {
    "build": "tsup",
    "dev": "NODE_ENV=development tsup",
    "generate:meta": "vscode-ext-gen --output=src/meta.ts",
    "lint": "eslint .",
    "pack": "vsce package --no-dependencies",
    "prepare": "husky",
    "release": "run-s release:check release:build release:version release:publish",
    "release:build": "run-s generate:meta build",
    "release:check": "run-s lint typecheck",
    "release:publish": "vsce publish --no-dependencies",
    "release:version": "bumpp --all",
    "test": "vitest",
    "typecheck": "tsc --noEmit",
  },
  "version": "0.0.0",
}
`;

exports[`vscode extension > should writeExtensionManifestSync work 1`] = `
{
  "activationEvents": [
    "onStartupFinished",
  ],
  "author": {
    "email": "ntnyq13@gmail.com",
    "name": "ntnyq",
  },
  "bugs": {
    "url": "https://github.com/ntnyq/vscode-dev-helper/issues/new",
  },
  "categories": [
    "Other",
  ],
  "contributes": {
    "commands": [
      {
        "category": "VSCode Dev Helper",
        "command": "vscode-dev-helper.enable-codelens",
        "title": "Enable CodeLens",
      },
      {
        "category": "VSCode Dev Helper",
        "command": "vscode-dev-helper.disable-codelens",
        "title": "Disable CodeLens",
      },
      {
        "category": "VSCode Dev Helper",
        "command": "vscode-dev-helper.codelens-action",
        "title": "Trigger CodeLens Action",
      },
      {
        "category": "VSCode Dev Helper",
        "command": "vscode-dev-helper.create-alert",
        "title": "Create Alert",
      },
      {
        "category": "VSCode Dev Helper",
        "command": "vscode-dev-helper.generate-node-version",
        "title": "Generate .node-version",
      },
    ],
    "configuration": {
      "properties": {
        "vscode-dev-helper.alertMarker": {
          "default": "!",
          "description": "Marker for Custom Alert",
          "type": "string",
        },
        "vscode-dev-helper.alertPreset": {
          "default": "github",
          "description": "Preset of Alert",
          "enum": [
            "github",
            "obsidian",
            "vitepress",
            "custom",
          ],
          "type": "string",
        },
        "vscode-dev-helper.alertSyntax": {
          "default": "container",
          "description": "Markdown Syntax for Custom Alert",
          "enum": [
            "blockquote",
            "container",
          ],
          "type": "string",
        },
        "vscode-dev-helper.alertTypes": {
          "default": [
            "info",
            "tip",
            "success",
            "warning",
            "danger",
          ],
          "description": "Types for Custom Alert",
          "items": {
            "type": "string",
          },
          "type": "array",
          "uniqueItems": true,
        },
        "vscode-dev-helper.alertUppercaseType": {
          "default": false,
          "description": "Use Uppercase Type for Custom Alert",
          "type": "boolean",
        },
        "vscode-dev-helper.enableCodeLens": {
          "default": true,
          "description": "Enable CodeLens",
          "type": "boolean",
        },
        "vscode-dev-helper.nodeVersion": {
          "default": "lts-latest",
          "description": "Default version for .node-version",
          "type": "string",
        },
      },
      "title": "VSCode Dev Helper",
    },
    "jsonValidation": [
      {
        "fileMatch": "package.json",
        "url": "./schemas/pnpm.schema.json",
      },
    ],
    "menus": {
      "editor/context": [
        {
          "command": "vscode-dev-helper.create-alert",
          "group": "z_commands",
          "when": "editorLangId == markdown || editorLangId == mdx",
        },
      ],
      "explorer/context": [
        {
          "command": "vscode-dev-helper.generate-node-version",
          "group": "VSCodeDevHelper@1",
          "when": "explorerResourceIsFolder",
        },
      ],
    },
  },
  "description": "Personal dev helper built on top of VSCode",
  "displayName": "VSCode Dev Helper",
  "files": [
    "LICENSE",
    "dist/*",
    "res/*",
    "schemas/*",
  ],
  "homepage": "https://github.com/ntnyq/vscode-dev-helper",
  "icon": "./res/icon.png",
  "keywords": [],
  "license": "MIT",
  "main": "./dist/index.js",
  "name": "vscode-dev-helper",
  "preview": true,
  "private": true,
  "publisher": "ntnyq",
  "repository": {
    "type": "github",
    "url": "https://github.com/ntnyq/vscode-dev-helper.git",
  },
  "scripts": {
    "build": "tsup",
    "dev": "NODE_ENV=development tsup",
    "generate:meta": "vscode-ext-gen --output=src/meta.ts",
    "lint": "eslint .",
    "pack": "vsce package --no-dependencies",
    "prepare": "husky",
    "release": "run-s release:check release:build release:version release:publish",
    "release:build": "run-s generate:meta build",
    "release:check": "run-s lint typecheck",
    "release:publish": "vsce publish --no-dependencies",
    "release:version": "bumpp --all",
    "test": "vitest",
    "typecheck": "tsc --noEmit",
  },
  "version": "0.0.0",
}
`;
